// Jest Snapshot v1, https://goo.gl/fbAQLP

exports[`HelloButton component tests HelloButton component matches snapshot 1`] = `
<div
  className="sc-bdfBQB fKHcuL"
  data-testid="hello-button"
>
  <p
    className="hello-btn"
    onClick={[Function]}
  >
    Hello there!
  </p>
  <div
    className="message-box"
    data-testid="message-box"
    style={Object {}}
  >
    <p>
      Donâ€™t waste your time clicking a hello text,
      <br />
      <a
        data-testid="message-box-link"
        href="/Router/Projects"
        onClick={[Function]}
      >
        view my work here.
      </a>
    </p>
    <i
      className="fas fa-times close-btn"
      onClick={[Function]}
    />
  </div>
</div>
`;
