// Jest Snapshot v1, https://goo.gl/fbAQLP

exports[`Home component tests Home component matches snapshot 1`] = `
<div
  className="sc-bdfBQB euErrF"
  data-testid="home"
>
  <div
    className="designs-container"
  >
    <div
      className="sc-gsTEea bvNmkz"
      data-testid="threed-cubes"
    >
      <div
        style={
          Object {
            "height": "100%",
            "overflow": "hidden",
            "position": "relative",
            "width": "100%",
          }
        }
      >
        <canvas
          style={
            Object {
              "display": "block",
            }
          }
        />
      </div>
    </div>
    <div
      className="sc-dlfnuX dvPYfr"
      data-testid="hello-button"
    >
      <p
        className="hello-btn"
        onClick={[Function]}
      >
        Hello there!
      </p>
      <div
        className="message-box"
        data-testid="message-box"
        style={Object {}}
      >
        <p>
          Donâ€™t waste your time clicking a hello text,
          <br />
          <a
            data-testid="message-box-link"
            href="/Router/Projects"
            onClick={[Function]}
          >
            view my work here.
          </a>
        </p>
        <i
          className="fas fa-times close-btn"
          onClick={[Function]}
        />
      </div>
    </div>
  </div>
  <main
    className="sc-hKgJUU keZIZm"
  >
    <h1>
      Osama Al Hajj Ali
    </h1>
    <h3>
      I am a web developer
    </h3>
    <ul>
      <li>
        <a
          href="/"
          onClick={[Function]}
        >
          Projects
        </a>
      </li>
      <li>
        <a
          href="/"
          onClick={[Function]}
        >
          Contact me
        </a>
      </li>
      <li>
        <a
          href="/"
          onClick={[Function]}
        >
          About me
        </a>
      </li>
    </ul>
  </main>
</div>
`;
