// Jest Snapshot v1, https://goo.gl/fbAQLP

exports[`Home component tests Home component matches snapshot 1`] = `
<div
  className="sc-bdfBQB epEUgK"
  data-testid="home"
>
  <div
    className="designs-container"
  >
    <div
      className="sc-gsTEea KETHo"
      data-testid="threed-cubes"
    >
      <div
        style={
          Object {
            "height": "100%",
            "overflow": "hidden",
            "position": "relative",
            "width": "100%",
          }
        }
      >
        <canvas
          style={
            Object {
              "display": "block",
            }
          }
        />
      </div>
    </div>
    <div
      className="sc-dlfnuX douitY"
      data-testid="hello-button"
    >
      <p
        className="hello-btn"
        onClick={[Function]}
      >
        Hello there!
      </p>
      <div
        className="message-box"
        data-testid="message-box"
        style={Object {}}
      >
        <p>
          Donâ€™t waste your time clicking a hello text,
          <br />
          <a
            data-testid="message-box-link"
            href="/Router/Projects"
            onClick={[Function]}
          >
            view my work here.
          </a>
        </p>
        <i
          className="fas fa-times close-btn"
          onClick={[Function]}
        />
      </div>
    </div>
  </div>
  <main
    className="sc-hKgJUU PZkbk"
    data-testid="info"
  >
    <h1>
      Osama Al Hajj Ali
    </h1>
    <h3>
      I am a web developer
    </h3>
    <nav>
      <ul
        data-testid="nav-bar"
      >
        <li>
          <a
            data-testid="projects-link"
            href="/Router/Projects"
            onClick={[Function]}
          >
            Projects
          </a>
        </li>
        <li>
          <a
            data-testid="contacts-link"
            href="/Router/Contacts"
            onClick={[Function]}
          >
            Contact me
          </a>
        </li>
        <li>
          <a
            data-testid="about-link"
            href="/Router/About"
            onClick={[Function]}
          >
            About me
          </a>
        </li>
      </ul>
    </nav>
    <div
      className="globe-container"
    >
      <div
        className="globe"
        data-testid="globe"
      >
        <div
          style={
            Object {
              "height": "100%",
              "overflow": "hidden",
              "position": "relative",
              "width": "100%",
            }
          }
        >
          <canvas
            style={
              Object {
                "display": "block",
              }
            }
          />
        </div>
      </div>
    </div>
  </main>
  <footer>
    <div
      className="sc-eCstlR bYgCvX"
    >
      <i
        className="fas fa-quote-left quote"
      />
      <p
        className="learn"
      >
        
        _
        <span
          style={
            Object {
              "display": "none",
            }
          }
        >
          .
        </span>
      </p>
      <p
        className="develop"
      >
        
        
        <span
          style={
            Object {
              "display": "none",
            }
          }
        >
          .
        </span>
      </p>
      <p
        className="mac"
      >
        
        
        <span
          style={
            Object {
              "display": "none",
            }
          }
        >
          .
        </span>
      </p>
    </div>
    <div
      className="sc-jSgvzq eGTnut"
    >
      <div
        className="circle"
      />
      <a
        href="https://github.com/Osama-NA"
        rel="noopener noreferrer"
        target="_blank"
      >
        <i
          className="fab fa-github"
        />
      </a>
      <div
        className="circle"
      />
    </div>
  </footer>
</div>
`;
